Importing character...
21:28:38 | INFO: Data are loaded, start creating Blender stuff
21:28:38 | INFO: Blender create Mesh node material.001
21:28:38 | INFO: glTF import finished in 0.02s
Character bounds: width=1.081, height=1.129
Importing bat...
21:28:38 | INFO: Data are loaded, start creating Blender stuff
21:28:38 | INFO: Blender create Mesh node material.001
21:28:38 | INFO: glTF import finished in 0.00s
Bat scaled 0.66x, placed at x=0.378
blender.exe : F:\CODE STUFF\Paperclip\memories\3d-experiments\StoreAssets\_render_thumbnail.py:100: 
DeprecationWarning: 'World.use_nodes' is expected to be removed in Blender 6.0
At C:\Users\lineb\AppData\Local\Temp\ps-script-6e0293a3-c272-4ae3-afe8-5517356daeab.ps1:86 char:1
+ & "F:\SteamLibrary\steamapps\common\Blender\blender.exe" --background ...
+ ~~~~~~~~~~~~~~~~~~~~~~~~~~~~~~~~~~~~~~~~~~~~~~~~~~~~~~~~~~~~~~~~~~~~~
    + CategoryInfo          : NotSpecified: (F:\CODE STUFF\P... in Blender 6.0:String) [], RemoteException
    + FullyQualifiedErrorId : NativeCommandError
 
  bpy.context.scene.world.use_nodes = True
Rendering thumbnail...
00:18.781  render           | Saved: 'F:\CODE STUFF\Paperclip\memories\3d-experiments\StoreAssets\StoreTungTung-thumbnail.png'
Render saved: F:\CODE STUFF\Paperclip\memories\3d-experiments\StoreAssets\StoreTungTung-thumbnail.png (1070 KB)
Adding text overlay...
Traceback (most recent call last):
  File "F:\CODE STUFF\Paperclip\memories\3d-experiments\StoreAssets\_render_thumbnail.py", line 145, in <module>
    from PIL import Image, ImageDraw, ImageFont
ModuleNotFoundError: No module named 'PIL'
Blender 5.1.0 (hash adfe2921d5f3 built 2026-03-17 01:37:32)

Blender quit
