=== Decimate T-Pose ===
Input:  memories\3d-experiments\StoreAssets\StoreTungTung-tpose-highpoly.glb
Output: memories\3d-experiments\StoreAssets\StoreTungTung-tpose-game-500.glb
Target: 500 faces
Voxel:  0.02

[1/6] Loading GLB...
21:09:59 | INFO: Data are loaded, start creating Blender stuff
21:09:59 | INFO: Blender create Mesh node material
21:10:01 | INFO: glTF import finished in 1.63s
  Loaded.
  Found 1 mesh(es)

[2/6] Mesh: material ΓÇö 500000 faces, 278742 verts

[3/6] Voxel remesh (size=0.02)...
  After voxel: 3854 faces

[4/6] Collapse decimation to ~500...
  Pass 1: 919 faces (ratio=0.1297)
  Pass 2: 522 faces (ratio=0.5441)

[5/6] UV project + texture bake...
blender.exe : F:\CODE STUFF\Paperclip\memories\3d-experiments\StoreAssets\_decimate_tpose.py:95: DeprecationWarning: 
'Material.use_nodes' is expected to be removed in Blender 6.0
At C:\Users\lineb\AppData\Local\Temp\ps-script-1908289b-3a6b-4f17-80eb-53836986ef22.ps1:12 char:1
+ & $BLENDER --background --python "memories\3d-experiments\StoreAssets ...
+ ~~~~~~~~~~~~~~~~~~~~~~~~~~~~~~~~~~~~~~~~~~~~~~~~~~~~~~~~~~~~~~~~~~~~~
    + CategoryInfo          : NotSpecified: (F:\CODE STUFF\P... in Blender 6.0:String) [], RemoteException
    + FullyQualifiedErrorId : NativeCommandError
 
  mat.use_nodes = True
  Baking textures...
Info: Circular dependency for image "BakedTexture" from object "material_lowpoly"
Info: Baking map saved to internal image, save it externally or pack it
  Bake complete.

[6/6] Final: 522 faces with baked texture
INFO Draco mesh compression is available, use library at F:\SteamLibrary\steamapps\common\Blender\5.1\scripts\addons_core\io_scene_gltf2\extern_draco.dll
21:10:07 | INFO: Starting glTF 2.0 export
21:10:07 | WARNING: Mesh material.001 is not valid, and may be exported wrongly
21:10:07 | INFO: Extracting primitive: material.001
21:10:07 | INFO: Primitives created: 1
21:10:07 | INFO: Finished glTF 2.0 export in 0.0338587760925293 s


Exported to memories\3d-experiments\StoreAssets\StoreTungTung-tpose-game-500.glb
Blender 5.1.0 (hash adfe2921d5f3 built 2026-03-17 01:37:32)

Blender quit
