=== Decimate T-Pose ===
Input:  memories\3d-experiments\StoreAssets\StoreTungTung-tpose-highpoly.glb
Output: memories\3d-experiments\StoreAssets\StoreTungTung-tpose-game-500.glb
Target: 500 faces
Voxel:  0.05

[1/6] Loading GLB...
19:48:02 | INFO: Data are loaded, start creating Blender stuff
19:48:02 | INFO: Blender create Mesh node material
19:48:04 | INFO: glTF import finished in 1.70s
  Loaded.
  Found 1 mesh(es)

[2/6] Mesh: material ΓÇö 500000 faces, 278742 verts

[3/6] Voxel remesh (size=0.05)...
  After voxel: 500 faces

[4/6] Collapse decimation to ~500...

[5/6] UV project + texture bake...
blender.exe : F:\CODE STUFF\Paperclip\memories\3d-experiments\StoreAssets\_decimate_tpose.py:95: DeprecationWarning: 
'Material.use_nodes' is expected to be removed in Blender 6.0
At C:\Users\lineb\AppData\Local\Temp\ps-script-f888e777-d570-402c-9e3c-97590adbfe15.ps1:92 char:1
+ & $BLENDER --background --python "memories\3d-experiments\StoreAssets ...
+ ~~~~~~~~~~~~~~~~~~~~~~~~~~~~~~~~~~~~~~~~~~~~~~~~~~~~~~~~~~~~~~~~~~~~~
    + CategoryInfo          : NotSpecified: (F:\CODE STUFF\P... in Blender 6.0:String) [], RemoteException
    + FullyQualifiedErrorId : NativeCommandError
 
  mat.use_nodes = True
  Baking textures...
Info: Circular dependency for image "BakedTexture" from object "material_lowpoly"
Info: Baking map saved to internal image, save it externally or pack it
  Bake complete.

[6/6] Final: 500 faces with baked texture
INFO Draco mesh compression is available, use library at F:\SteamLibrary\steamapps\common\Blender\5.1\scripts\addons_core\io_scene_gltf2\extern_draco.dll
19:48:09 | INFO: Starting glTF 2.0 export
19:48:09 | INFO: Extracting primitive: material.001
19:48:09 | INFO: Primitives created: 1
19:48:09 | INFO: Finished glTF 2.0 export in 0.01683330535888672 s


Exported to memories\3d-experiments\StoreAssets\StoreTungTung-tpose-game-500.glb
Blender 5.1.0 (hash adfe2921d5f3 built 2026-03-17 01:37:32)

Blender quit
