21:52:52 | INFO: Data are loaded, start creating Blender stuff
21:52:52 | INFO: Blender create Mesh node material.002
21:52:52 | INFO: glTF import finished in 0.03s
Mesh height: 2.000, center_x: 0.000
Mesh Z range: [-1.000, 1.000]

Name                      Parent                    Head XYZ                            Tail XYZ                               Len    H%  Side
----------------------------------------------------------------------------------------------------------------------------------------------------------------
snout                     finger_1_L                ( -0.090,  -0.095,   0.053)   ( -0.095,  -0.122,   0.052)    0.028  52.7     L
finger_1_L                hand_L                    ( -0.084,  -0.066,   0.055)   ( -0.090,  -0.093,   0.053)    0.028  52.7     L
finger_2                  finger_1                  (  0.095,  -0.064,   0.060)   (  0.083,  -0.184,   0.025)    0.126  53.0     R
hand_L                    forearm_L                 ( -0.063,   0.057,   0.093)   ( -0.083,  -0.059,   0.057)    0.124  54.7     L
finger_1                  hand                      (  0.064,   0.059,   0.100)   (  0.094,  -0.057,   0.062)    0.126  55.0     R
hand                      forearm                   (  0.065,   0.045,   0.259)   (  0.064,   0.059,   0.108)    0.151  62.9     R
forearm_L                 upper_arm_L               ( -0.066,   0.036,   0.286)   ( -0.063,   0.056,   0.103)    0.183  64.3     L
forearm                   upper_arm                 (  0.062,   0.036,   0.295)   (  0.065,   0.044,   0.260)    0.035  64.7     R
upper_arm                 shoulder                  (  0.056,   0.045,   0.419)   (  0.061,   0.037,   0.301)    0.118  70.9     R
upper_arm_L               shoulder_L                ( -0.064,   0.050,   0.437)   ( -0.066,   0.037,   0.293)    0.144  71.8     L
shoulder                  hips                      ( -0.001,   0.058,   0.445)   (  0.053,   0.046,   0.420)    0.061  72.2     C
hips                      ROOT                      ( -0.001,   0.058,   0.445)   ( -0.001,   0.054,   0.471)    0.026  72.2     C
shoulder_L                hips                      ( -0.001,   0.058,   0.445)   ( -0.061,   0.051,   0.437)    0.060  72.2     C
spine_lower               hips                      ( -0.001,   0.054,   0.472)   ( -0.001,   0.054,   0.515)    0.043  73.6     C
spine                     spine_lower               ( -0.001,   0.054,   0.518)   ( -0.001,   0.054,   0.560)    0.042  75.9     C
spine_upper               spine                     ( -0.001,   0.054,   0.563)   ( -0.000,   0.053,   0.615)    0.053  78.1     C
shoulder_2                spine                     ( -0.001,   0.054,   0.563)   ( -0.001,   0.054,   0.605)    0.042  78.1     C
chest                     spine_upper               ( -0.000,   0.053,   0.618)   ( -0.001,   0.050,   0.671)    0.053  80.9     C
upper_arm_R               shoulder_R                (  0.435,   0.014,   0.632)   (  0.453,   0.016,   0.648)    0.024  81.6     R
head_extra_R              shoulder_R                (  0.435,   0.014,   0.632)   (  0.411,   0.023,   0.652)    0.032  81.6     R
upper_arm_3               shoulder_4                (  0.044,   0.049,   0.640)   (  0.124,   0.058,   0.654)    0.082  82.0     R
finger_1_2                hand_2                    ( -0.387,   0.033,   0.645)   ( -0.420,   0.025,   0.645)    0.033  82.2     L
head_extra_L              finger_1_2                ( -0.421,   0.025,   0.645)   ( -0.431,   0.024,   0.657)    0.015  82.2     L
finger_2_2                finger_1_2                ( -0.421,   0.025,   0.645)   ( -0.435,   0.006,   0.664)    0.031  82.2     L
hand_R                    forearm_R                 (  0.487,   0.020,   0.647)   (  0.470,   0.006,   0.624)    0.032  82.4     R
hand_2                    forearm_2                 ( -0.246,   0.066,   0.648)   ( -0.380,   0.035,   0.645)    0.138  82.4     L
forearm_R                 upper_arm_R               (  0.454,   0.017,   0.649)   (  0.485,   0.020,   0.647)    0.032  82.5     R
hand_3                    forearm_3                 (  0.245,   0.064,   0.651)   (  0.354,   0.042,   0.647)    0.111  82.6     R
head_extra_R_2            head_extra_R              (  0.410,   0.023,   0.653)   (  0.429,   0.005,   0.670)    0.032  82.6     R
forearm_3                 upper_arm_3               (  0.128,   0.059,   0.654)   (  0.239,   0.064,   0.652)    0.111  82.7     R
head_extra_L_2            head_extra_L              ( -0.431,   0.024,   0.658)   ( -0.446,   0.025,   0.654)    0.015  82.9     L
forearm_2                 upper_arm_2               ( -0.130,   0.060,   0.658)   ( -0.240,   0.066,   0.649)    0.111  82.9     L
finger_3                  finger_2_2                ( -0.435,   0.005,   0.665)   ( -0.456,   0.005,   0.643)    0.031  83.3     L
shoulder_R                hips                      (  0.429,   0.004,   0.670)   (  0.435,   0.013,   0.634)    0.038  83.5     R
upper_arm_2               shoulder_3                ( -0.042,   0.059,   0.672)   ( -0.125,   0.060,   0.659)    0.084  83.6     L
neck                      chest                     ( -0.001,   0.050,   0.674)   (  0.001,   0.029,   0.727)    0.057  83.7     C
spine_7                   head                      (  0.002,   0.054,   0.715)   (  0.000,   0.045,   0.753)    0.040  85.7     C
head                      neck                      (  0.001,   0.028,   0.730)   (  0.002,   0.053,   0.716)    0.029  86.5     C
shoulder_3                neck                      (  0.001,   0.028,   0.730)   ( -0.040,   0.057,   0.675)    0.075  86.5     C
shoulder_4                neck                      (  0.001,   0.028,   0.730)   (  0.042,   0.048,   0.644)    0.097  86.5     C
spine_8                   spine_7                   ( -0.000,   0.044,   0.755)   (  0.003,   0.039,   0.832)    0.077  87.8     C
spine_9                   spine_8                   (  0.003,   0.038,   0.836)   ( -0.003,   0.029,   0.963)    0.127  91.8     C
spine_10                  spine_9                   ( -0.004,   0.028,   0.970)   ( -0.006,   0.053,   1.094)    0.127  98.5     C

Total: 43 bones


=== BONE TREE ===
hips [C] z=0.445 (72%) len=0.026
  shoulder [C] z=0.445 (72%) len=0.061
    upper_arm [R] z=0.419 (71%) len=0.118
      forearm [R] z=0.295 (65%) len=0.035
        hand [R] z=0.259 (63%) len=0.151
          finger_1 [R] z=0.100 (55%) len=0.126
            finger_2 [R] z=0.060 (53%) len=0.126
  shoulder_L [C] z=0.445 (72%) len=0.060
    upper_arm_L [L] z=0.437 (72%) len=0.144
      forearm_L [L] z=0.286 (64%) len=0.183
        hand_L [L] z=0.093 (55%) len=0.124
          finger_1_L [L] z=0.055 (53%) len=0.028
            snout [L] z=0.053 (53%) len=0.028
  spine_lower [C] z=0.472 (74%) len=0.043
    spine [C] z=0.518 (76%) len=0.042
      shoulder_2 [C] z=0.563 (78%) len=0.042
      spine_upper [C] z=0.563 (78%) len=0.053
        chest [C] z=0.618 (81%) len=0.053
          neck [C] z=0.674 (84%) len=0.057
            shoulder_4 [C] z=0.730 (87%) len=0.097
              upper_arm_3 [R] z=0.640 (82%) len=0.082
                forearm_3 [R] z=0.654 (83%) len=0.111
                  hand_3 [R] z=0.651 (83%) len=0.111
            head [C] z=0.730 (87%) len=0.029
              spine_7 [C] z=0.715 (86%) len=0.040
                spine_8 [C] z=0.755 (88%) len=0.077
                  spine_9 [C] z=0.836 (92%) len=0.127
                    spine_10 [C] z=0.970 (98%) len=0.127
            shoulder_3 [C] z=0.730 (87%) len=0.075
              upper_arm_2 [L] z=0.672 (84%) len=0.084
                forearm_2 [L] z=0.658 (83%) len=0.111
                  hand_2 [L] z=0.648 (82%) len=0.138
                    finger_1_2 [L] z=0.645 (82%) len=0.033
                      finger_2_2 [L] z=0.645 (82%) len=0.031
                        finger_3 [L] z=0.665 (83%) len=0.031
                      head_extra_L [L] z=0.645 (82%) len=0.015
                        head_extra_L_2 [L] z=0.658 (83%) len=0.015
  shoulder_R [R] z=0.670 (84%) len=0.038
    upper_arm_R [R] z=0.632 (82%) len=0.024
      forearm_R [R] z=0.649 (82%) len=0.032
        hand_R [R] z=0.647 (82%) len=0.032
    head_extra_R [R] z=0.632 (82%) len=0.032
      head_extra_R_2 [R] z=0.653 (83%) len=0.032
Blender 5.1.0 (hash adfe2921d5f3 built 2026-03-17 01:37:32)

Blender quit
