=== Re-merge Armature ===
Old rigged: memories\3d-experiments\StoreAssets\StoreTungTung-tpose-game-500_rigged.glb
New game mesh: memories\3d-experiments\StoreAssets\StoreTungTung-tpose-game-500-polished.glb
Output: memories\3d-experiments\StoreAssets\StoreTungTung-tpose-game-500_rigged_v2.glb

[1/5] Loading old rigged model...
21:18:03 | INFO: Data are loaded, start creating Blender stuff
21:18:03 | INFO: Blender create Mesh node material.001
21:18:03 | INFO: glTF import finished in 0.02s
  Armature: Armature (43 bones)
  Old mesh: material (879 verts)

[2/5] Loading new game mesh...
21:18:03 | INFO: Data are loaded, start creating Blender stuff
21:18:03 | INFO: Blender create Mesh node material.001
21:18:03 | INFO: glTF import finished in 0.01s
  New mesh: material.001 (602 verts, 540 faces)

[3/5] Aligning armature to new mesh...
  Scaled armature by 1.0578

[4/5] Parenting + weight transfer...
  Weight transfer: 602/602 (100.0%)

[5/5] Exporting...
INFO Draco mesh compression is available, use library at F:\SteamLibrary\steamapps\common\Blender\5.1\scripts\addons_core\io_scene_gltf2\extern_draco.dll
21:18:03 | INFO: Starting glTF 2.0 export
21:18:03 | INFO: Extracting primitive: material.002
21:18:03 | INFO: Primitives created: 1
21:18:03 | INFO: Finished glTF 2.0 export in 0.09324193000793457 s

  Exported: memories\3d-experiments\StoreAssets\StoreTungTung-tpose-game-500_rigged_v2.glb (1143 KB)
  Bones: 43
  Faces: 540

Done!
Blender 5.1.0 (hash adfe2921d5f3 built 2026-03-17 01:37:32)

Blender quit
